exports[`test board is rendered correctly 1`] = `
<div
  className="twelve columns">
  <noscript />
  <header
    className="row">
    <h1
      className="nine columns">
      Board
    </h1>
    <input
      className="button-primary three columns"
      onClick={[Function]}
      type="button"
      value="Create Thread" />
  </header>
  <div>
    <div
      className={undefined} />
  </div>
</div>
`;
