exports[`test thread is rendered correctly 1`] = `
<section
  className="row">
  <a
    className="six columns"
    onClick={[Function]}
    style={Object {}}>
    <h2
      className="title">
      Test Thread
    </h2>
  </a>
  <span
    className="four columns post-count">
    created by 
  </span>
  <span
    className="two columns post-count">
    0
     posts
  </span>
</section>
`;
