exports[`test new post is rendered 1`] = `
<div
  className="row">
  <textarea
    className="u-full-width"
    onChange={[Function]}
    placeholder="I cast magic missile into the darkness!"
    value="" />
  <input
    className="button-primary"
    onClick={[Function]}
    type="submit"
    value="Submit" />
</div>
`;
