exports[`test post is rendered with username and text 1`] = `
<div
  className="row">
  <div
    className="three columns">
    <h3>
      Anonymous
    </h3>
  </div>
  <div
    className="nine columns"
    dangerouslySetInnerHTML={
      Object {
        "__html": "<p>Lorem ipsum</p>
      ",
      }
    } />
  <div
    className="dice-hand">
    <table
      className="u-full-width">
      <tbody />
    </table>
  </div>
</div>
`;
