exports[`test thread is rendered correctly 1`] = `
<div
  className="twelve columns">
  <section
    className="row post">
    <div
      className="three columns">
      <img
        src="https://placehold.it/175x175" />
      <h3
        className="username">
        Anonymous
      </h3>
    </div>
    <div
      className="nine columns">
      <div
        className="row">
        <div
          className="text"
          dangerouslySetInnerHTML={
            Object {
              "__html": "<p>Lorem Ipsum</p>
            ",
            }
          } />
      </div>
      <div
        className="row" />
    </div>
  </section>
  <section
    className="row post">
    <div
      className="three columns">
      <img
        src="https://placehold.it/175x175" />
      <h3
        className="username">
        Nonymous
      </h3>
    </div>
    <div
      className="nine columns">
      <div
        className="row">
        <div
          className="text"
          dangerouslySetInnerHTML={
            Object {
              "__html": "<p>Dolor set amet</p>
            ",
            }
          } />
      </div>
      <div
        className="row" />
    </div>
  </section>
  <hr />
  <div
    className="row">
    <textarea
      className="u-full-width"
      onChange={[Function]}
      placeholder="I cast magic missile into the darkness!"
      value="" />
    <input
      className="button-primary"
      onClick={[Function]}
      type="submit"
      value="Submit" />
  </div>
</div>
`;
