exports[`test post is rendered with username and text 1`] = `
<div
  className="row post">
  <div
    className="three columns right-border">
    <h3>
      Anonymous
    </h3>
  </div>
  <div
    className="nine columns">
    <div
      className=""
      dangerouslySetInnerHTML={
        Object {
          "__html": "<p>Lorem ipsum</p>
        ",
        }
      } />
  </div>
</div>
`;
